// Jest Snapshot v1, https://goo.gl/fbAQLP

exports[`renders app correctly 1`] = `
<DocumentFragment>
  <div
    class="App"
  >
    <h1>
      Hello World
    </h1>
  </div>
</DocumentFragment>
`;
